2025-10-27 20:19:00 | INFO | repo=pv243-2015-web-seminar | action=commit
2025-02-08 16:59:00 | WARN | repo=pv243-2015-web-seminar | action=commit
2025-10-08 11:17:00 | INFO | repo=pv243-2015-web-seminar | action=commit
2025-02-12 08:51:00 | WARN | repo=pv243-2015-web-seminar | action=test | passed=true
2025-05-12 17:03:00 | INFO | repo=pv243-2015-web-seminar | action=commit
2025-07-01 18:53:00 | WARN | repo=pv243-2015-web-seminar | action=pull
2025-08-09 14:28:00 | WARN | repo=pv243-2015-web-seminar | action=commit
2025-11-27 20:44:00 | DEBUG | repo=pv243-2015-web-seminar | action=commit
2025-03-21 19:56:00 | DEBUG | repo=pv243-2015-web-seminar | action=commit
2025-03-17 18:42:00 | INFO | repo=pv243-2015-web-seminar | action=commit
2025-07-27 10:10:00 | INFO | repo=pv243-2015-web-seminar | action=commit
2025-12-24 19:28:00 | INFO | repo=pv243-2015-web-seminar | action=edit | files=5
2025-05-10 18:36:00 | WARN | repo=pv243-2015-web-seminar | action=commit
2025-11-10 09:14:00 | DEBUG | repo=pv243-2015-web-seminar | action=commit
2025-10-05 19:34:00 | INFO | repo=pv243-2015-web-seminar | action=edit | files=5
2025-12-21 18:37:00 | WARN | repo=pv243-2015-web-seminar | action=edit | files=1
2025-04-05 10:03:00 | INFO | repo=pv243-2015-web-seminar | action=edit | files=2
2025-07-26 20:21:00 | WARN | repo=pv243-2015-web-seminar | action=commit
2025-09-28 15:34:00 | WARN | repo=pv243-2015-web-seminar | action=commit
2025-07-01 08:03:00 | WARN | repo=pv243-2015-web-seminar | action=commit
2025-12-10 20:34:00 | DEBUG | repo=pv243-2015-web-seminar | action=commit
2025-12-05 15:41:00 | WARN | repo=pv243-2015-web-seminar | action=commit
2025-07-22 17:24:00 | INFO | repo=pv243-2015-web-seminar | action=commit
2025-08-09 12:40:00 | WARN | repo=pv243-2015-web-seminar | action=edit | files=5
2025-03-09 20:02:00 | WARN | repo=pv243-2015-web-seminar | action=commit
2025-12-02 10:03:00 | INFO | repo=pv243-2015-web-seminar | action=commit
2025-07-18 15:48:00 | DEBUG | repo=pv243-2015-web-seminar | action=commit
2025-09-21 14:48:00 | WARN | repo=pv243-2015-web-seminar | action=commit
2025-03-01 20:17:00 | DEBUG | repo=pv243-2015-web-seminar | action=commit
2025-03-09 15:40:00 | DEBUG | repo=pv243-2015-web-seminar | action=commit
2025-11-22 08:27:00 | INFO | repo=pv243-2015-web-seminar | action=commit
2025-01-15 20:05:00 | WARN | repo=pv243-2015-web-seminar | action=commit
2025-01-09 08:31:00 | DEBUG | repo=pv243-2015-web-seminar | action=commit
2025-01-27 10:06:00 | DEBUG | repo=pv243-2015-web-seminar | action=commit
2025-11-12 21:28:00 | DEBUG | repo=pv243-2015-web-seminar | action=commit
2025-12-24 15:16:00 | DEBUG | repo=pv243-2015-web-seminar | action=commit
2025-09-28 21:43:00 | INFO | repo=pv243-2015-web-seminar | action=commit
2025-03-17 20:59:00 | WARN | repo=pv243-2015-web-seminar | action=commit
2025-04-03 15:36:00 | WARN | repo=pv243-2015-web-seminar | action=commit
2025-06-05 18:19:00 | INFO | repo=pv243-2015-web-seminar | action=commit
2025-06-23 18:18:00 | DEBUG | repo=pv243-2015-web-seminar | action=commit
2025-12-16 10:36:00 | DEBUG | repo=pv243-2015-web-seminar | action=commit
2025-07-21 21:26:00 | DEBUG | repo=pv243-2015-web-seminar | action=edit | files=3
2025-08-24 13:12:00 | WARN | repo=pv243-2015-web-seminar | action=commit
2025-06-10 14:50:00 | WARN | repo=pv243-2015-web-seminar | action=commit
2025-04-27 18:51:00 | WARN | repo=pv243-2015-web-seminar | action=commit
2025-01-08 20:16:00 | INFO | repo=pv243-2015-web-seminar | action=commit
2025-06-25 14:01:00 | DEBUG | repo=pv243-2015-web-seminar | action=commit
2025-02-06 12:24:00 | DEBUG | repo=pv243-2015-web-seminar | action=commit
2025-05-20 11:34:00 | INFO | repo=pv243-2015-web-seminar | action=commit
2025-04-23 07:55:00 | INFO | repo=pv243-2015-web-seminar | action=commit
2025-10-10 21:10:00 | DEBUG | repo=pv243-2015-web-seminar | action=commit
2025-05-03 16:26:00 | WARN | repo=pv243-2015-web-seminar | action=commit
2025-11-18 11:13:00 | WARN | repo=pv243-2015-web-seminar | action=edit | files=4
2025-05-28 16:05:00 | WARN | repo=pv243-2015-web-seminar | action=commit
2025-04-03 20:24:00 | DEBUG | repo=pv243-2015-web-seminar | action=commit
2025-05-14 12:49:00 | INFO | repo=pv243-2015-web-seminar | action=commit
2025-05-21 15:50:00 | DEBUG | repo=pv243-2015-web-seminar | action=commit
2025-09-02 07:58:00 | WARN | repo=pv243-2015-web-seminar | action=commit
2025-03-24 13:46:00 | WARN | repo=pv243-2015-web-seminar | action=commit
2025-10-03 16:54:00 | INFO | repo=pv243-2015-web-seminar | action=commit
2025-10-11 20:47:00 | INFO | repo=pv243-2015-web-seminar | action=commit
2025-05-11 20:10:00 | WARN | repo=pv243-2015-web-seminar | action=pull
2025-07-13 13:24:00 | INFO | repo=pv243-2015-web-seminar | action=commit
2025-08-20 18:43:00 | WARN | repo=pv243-2015-web-seminar | action=commit
2025-02-10 17:01:00 | INFO | repo=pv243-2015-web-seminar | action=test | passed=true
2025-07-01 21:37:00 | DEBUG | repo=pv243-2015-web-seminar | action=commit
2025-07-16 19:15:00 | WARN | repo=pv243-2015-web-seminar | action=commit
2025-11-10 14:48:00 | WARN | repo=pv243-2015-web-seminar | action=commit
2025-03-27 10:42:00 | DEBUG | repo=pv243-2015-web-seminar | action=commit
2025-04-24 09:43:00 | WARN | repo=pv243-2015-web-seminar | action=commit
2025-01-25 07:42:00 | INFO | repo=pv243-2015-web-seminar | action=commit
2025-04-11 17:38:00 | INFO | repo=pv243-2015-web-seminar | action=commit
2025-09-25 16:00:00 | WARN | repo=pv243-2015-web-seminar | action=commit
2025-03-20 08:29:00 | INFO | repo=pv243-2015-web-seminar | action=commit
2025-09-04 21:15:00 | WARN | repo=pv243-2015-web-seminar | action=edit | files=5
2025-08-08 19:23:00 | WARN | repo=pv243-2015-web-seminar | action=commit
2025-06-09 14:06:00 | WARN | repo=pv243-2015-web-seminar | action=pull
2025-10-01 12:52:00 | DEBUG | repo=pv243-2015-web-seminar | action=commit
2025-06-22 12:54:00 | DEBUG | repo=pv243-2015-web-seminar | action=pull
2025-04-21 18:24:00 | WARN | repo=pv243-2015-web-seminar | action=commit
2025-09-03 17:08:00 | DEBUG | repo=pv243-2015-web-seminar | action=commit
2025-01-07 20:17:00 | WARN | repo=pv243-2015-web-seminar | action=commit
2025-02-24 08:46:00 | WARN | repo=pv243-2015-web-seminar | action=pull
2025-11-13 13:30:00 | WARN | repo=pv243-2015-web-seminar | action=commit
2025-09-17 21:04:00 | DEBUG | repo=pv243-2015-web-seminar | action=commit
2025-03-15 18:25:00 | WARN | repo=pv243-2015-web-seminar | action=commit
2025-05-17 09:23:00 | INFO | repo=pv243-2015-web-seminar | action=pull
2025-11-07 19:23:00 | DEBUG | repo=pv243-2015-web-seminar | action=commit
2025-03-27 18:02:00 | WARN | repo=pv243-2015-web-seminar | action=commit
2025-05-10 18:40:00 | INFO | repo=pv243-2015-web-seminar | action=commit
2025-12-21 16:05:00 | WARN | repo=pv243-2015-web-seminar | action=commit
2025-06-19 09:02:00 | DEBUG | repo=pv243-2015-web-seminar | action=commit
2025-06-24 12:08:00 | INFO | repo=pv243-2015-web-seminar | action=edit | files=2
2025-06-08 18:17:00 | WARN | repo=pv243-2015-web-seminar | action=commit
2025-12-18 12:56:00 | INFO | repo=pv243-2015-web-seminar | action=commit
2025-09-28 10:01:00 | WARN | repo=pv243-2015-web-seminar | action=edit | files=5
2025-05-19 16:22:00 | WARN | repo=pv243-2015-web-seminar | action=commit
2025-04-10 15:43:00 | INFO | repo=pv243-2015-web-seminar | action=commit
2025-10-28 12:07:00 | DEBUG | repo=pv243-2015-web-seminar | action=commit
2025-07-28 21:19:00 | WARN | repo=pv243-2015-web-seminar | action=commit
2025-02-16 08:36:00 | WARN | repo=pv243-2015-web-seminar | action=commit
2025-08-19 17:43:00 | DEBUG | repo=pv243-2015-web-seminar | action=commit
2025-10-10 19:23:00 | DEBUG | repo=pv243-2015-web-seminar | action=commit
2025-01-27 20:17:00 | WARN | repo=pv243-2015-web-seminar | action=commit
2025-11-19 21:09:00 | WARN | repo=pv243-2015-web-seminar | action=commit
2025-02-02 21:50:00 | DEBUG | repo=pv243-2015-web-seminar | action=commit
2025-06-16 17:27:00 | DEBUG | repo=pv243-2015-web-seminar | action=commit
2025-10-27 20:15:00 | DEBUG | repo=pv243-2015-web-seminar | action=commit
